[    2518ms] [ERROR] Failed to load resource: the server responded with a status of 504 (Outdated Optimize Dep) @ http://localhost:5175/node_modules/.vite/deps/react_jsx-dev-runtime.js?v=4746eca3:0
[    2519ms] [ERROR] Failed to load resource: the server responded with a status of 504 (Outdated Optimize Dep) @ http://localhost:5175/node_modules/.vite/deps/react.js?v=4746eca3:0
[    2523ms] [ERROR] Failed to load resource: the server responded with a status of 504 (Outdated Optimize Dep) @ http://localhost:5175/node_modules/.vite/deps/react-dom_client.js?v=7f57f95b:0
[    2523ms] [ERROR] Failed to load resource: the server responded with a status of 504 (Outdated Optimize Dep) @ http://localhost:5175/node_modules/.vite/deps/@tiptap_starter-kit.js?v=9f22ece8:0
[    2524ms] [ERROR] Failed to load resource: the server responded with a status of 504 (Outdated Optimize Dep) @ http://localhost:5175/node_modules/.vite/deps/@tiptap_extension-underline.js?v=f27d57af:0
[    2524ms] [ERROR] Failed to load resource: the server responded with a status of 504 (Outdated Optimize Dep) @ http://localhost:5175/node_modules/.vite/deps/@tiptap_react.js?v=073e8d91:0
[    2540ms] [ERROR] Failed to load resource: the server responded with a status of 504 (Outdated Optimize Dep) @ http://localhost:5175/node_modules/.vite/deps/@tiptap_extension-text-style.js?v=090fd0d7:0
[    2540ms] [ERROR] Failed to load resource: the server responded with a status of 504 (Outdated Optimize Dep) @ http://localhost:5175/node_modules/.vite/deps/@tiptap_extension-color.js?v=ea0c60b2:0
[    2541ms] [ERROR] Failed to load resource: the server responded with a status of 504 (Outdated Optimize Dep) @ http://localhost:5175/node_modules/.vite/deps/@tiptap_extension-highlight.js?v=e88cfc58:0
[    2541ms] [ERROR] Failed to load resource: the server responded with a status of 504 (Outdated Optimize Dep) @ http://localhost:5175/node_modules/.vite/deps/@tiptap_extension-text-align.js?v=69648cd0:0
[    2541ms] [ERROR] Failed to load resource: the server responded with a status of 504 (Outdated Optimize Dep) @ http://localhost:5175/node_modules/.vite/deps/@tiptap_extension-image.js?v=45749e7e:0
[    2541ms] [ERROR] Failed to load resource: the server responded with a status of 504 (Outdated Optimize Dep) @ http://localhost:5175/node_modules/.vite/deps/@tiptap_extension-placeholder.js?v=06689e4f:0
[    2563ms] [ERROR] Failed to load resource: the server responded with a status of 504 (Outdated Optimize Dep) @ http://localhost:5175/node_modules/.vite/deps/@tiptap_extension-table.js?v=81d17e9a:0
[    2563ms] [ERROR] Failed to load resource: the server responded with a status of 504 (Outdated Optimize Dep) @ http://localhost:5175/node_modules/.vite/deps/@tiptap_extension-table-row.js?v=3c4b8cd2:0
[    2564ms] [ERROR] Failed to load resource: the server responded with a status of 504 (Outdated Optimize Dep) @ http://localhost:5175/node_modules/.vite/deps/@tiptap_extension-table-cell.js?v=150e2403:0
[    2565ms] [ERROR] Failed to load resource: the server responded with a status of 504 (Outdated Optimize Dep) @ http://localhost:5175/node_modules/.vite/deps/@tiptap_extension-table-header.js?v=725acb31:0
[    2565ms] [ERROR] Failed to load resource: the server responded with a status of 504 (Outdated Optimize Dep) @ http://localhost:5175/node_modules/.vite/deps/@tiptap_extension-subscript.js?v=5e847461:0
[    2566ms] [ERROR] Failed to load resource: the server responded with a status of 504 (Outdated Optimize Dep) @ http://localhost:5175/node_modules/.vite/deps/@tiptap_extension-superscript.js?v=7d382b5e:0
[    2607ms] [ERROR] Failed to load resource: the server responded with a status of 504 (Outdated Optimize Dep) @ http://localhost:5175/node_modules/.vite/deps/@tiptap_extension-link.js?v=ca67ffed:0
[    2607ms] [ERROR] Failed to load resource: the server responded with a status of 504 (Outdated Optimize Dep) @ http://localhost:5175/node_modules/.vite/deps/@tiptap_extension-task-list.js?v=bd42efd4:0
[    2607ms] [ERROR] Failed to load resource: the server responded with a status of 504 (Outdated Optimize Dep) @ http://localhost:5175/node_modules/.vite/deps/@tiptap_extension-task-item.js?v=1a198589:0
[    2608ms] [ERROR] Failed to load resource: the server responded with a status of 504 (Outdated Optimize Dep) @ http://localhost:5175/node_modules/.vite/deps/@tiptap_extension-character-count.js?v=6fc35ccd:0
[    2610ms] [ERROR] Failed to load resource: the server responded with a status of 504 (Outdated Optimize Dep) @ http://localhost:5175/node_modules/.vite/deps/@tiptap_extension-typography.js?v=3a75e0e2:0
