[     322ms] [ERROR] Failed to load resource: the server responded with a status of 504 (Outdated Optimize Dep) @ http://localhost:5173/node_modules/.vite/deps/@tiptap_extension-typography.js?v=4bc0a102:0
[     322ms] [ERROR] Failed to load resource: the server responded with a status of 504 (Outdated Optimize Dep) @ http://localhost:5173/node_modules/.vite/deps/@tiptap_extension-link.js?v=08bc391d:0
[     322ms] [ERROR] Failed to load resource: the server responded with a status of 504 (Outdated Optimize Dep) @ http://localhost:5173/node_modules/.vite/deps/@tiptap_extension-character-count.js?v=c1de0273:0
[     323ms] [ERROR] Failed to load resource: the server responded with a status of 504 (Outdated Optimize Dep) @ http://localhost:5173/node_modules/.vite/deps/@tiptap_extension-task-item.js?v=c4c5cc8d:0
[     323ms] [ERROR] Failed to load resource: the server responded with a status of 504 (Outdated Optimize Dep) @ http://localhost:5173/node_modules/.vite/deps/@tiptap_extension-task-list.js?v=ef9c5dde:0
[    3932ms] [ERROR] Failed to load resource: the server responded with a status of 504 (Outdated Optimize Dep) @ http://localhost:5173/node_modules/.vite/deps/@tiptap_extension-link.js?v=08bc391d:0
[    3932ms] [ERROR] Failed to load resource: the server responded with a status of 504 (Outdated Optimize Dep) @ http://localhost:5173/node_modules/.vite/deps/@tiptap_extension-task-list.js?v=ef9c5dde:0
[    3932ms] [ERROR] Failed to load resource: the server responded with a status of 504 (Outdated Optimize Dep) @ http://localhost:5173/node_modules/.vite/deps/@tiptap_extension-task-item.js?v=c4c5cc8d:0
[    3933ms] [ERROR] Failed to load resource: the server responded with a status of 504 (Outdated Optimize Dep) @ http://localhost:5173/node_modules/.vite/deps/@tiptap_extension-character-count.js?v=c1de0273:0
[    3933ms] [ERROR] Failed to load resource: the server responded with a status of 504 (Outdated Optimize Dep) @ http://localhost:5173/node_modules/.vite/deps/@tiptap_extension-typography.js?v=4bc0a102:0
[    4668ms] [ERROR] Failed to load resource: the server responded with a status of 504 (Outdated Optimize Dep) @ http://localhost:5173/node_modules/.vite/deps/@tiptap_extension-task-list.js?v=ef9c5dde:0
[    4669ms] [ERROR] Failed to load resource: the server responded with a status of 504 (Outdated Optimize Dep) @ http://localhost:5173/node_modules/.vite/deps/@tiptap_extension-link.js?v=08bc391d:0
[    4669ms] [ERROR] Failed to load resource: the server responded with a status of 504 (Outdated Optimize Dep) @ http://localhost:5173/node_modules/.vite/deps/@tiptap_extension-task-item.js?v=c4c5cc8d:0
[    4669ms] [ERROR] Failed to load resource: the server responded with a status of 504 (Outdated Optimize Dep) @ http://localhost:5173/node_modules/.vite/deps/@tiptap_extension-character-count.js?v=c1de0273:0
[    4669ms] [ERROR] Failed to load resource: the server responded with a status of 504 (Outdated Optimize Dep) @ http://localhost:5173/node_modules/.vite/deps/@tiptap_extension-typography.js?v=4bc0a102:0
[    4891ms] [ERROR] Failed to load resource: the server responded with a status of 504 (Outdated Optimize Dep) @ http://localhost:5173/node_modules/.vite/deps/@tiptap_extension-link.js?v=08bc391d:0
[    4891ms] [ERROR] Failed to load resource: the server responded with a status of 504 (Outdated Optimize Dep) @ http://localhost:5173/node_modules/.vite/deps/@tiptap_extension-task-list.js?v=ef9c5dde:0
[    4891ms] [ERROR] Failed to load resource: the server responded with a status of 504 (Outdated Optimize Dep) @ http://localhost:5173/node_modules/.vite/deps/@tiptap_extension-task-item.js?v=c4c5cc8d:0
[    4892ms] [ERROR] Failed to load resource: the server responded with a status of 504 (Outdated Optimize Dep) @ http://localhost:5173/node_modules/.vite/deps/@tiptap_extension-character-count.js?v=c1de0273:0
[    4893ms] [ERROR] Failed to load resource: the server responded with a status of 504 (Outdated Optimize Dep) @ http://localhost:5173/node_modules/.vite/deps/@tiptap_extension-typography.js?v=4bc0a102:0
[    8580ms] [ERROR] Failed to load resource: the server responded with a status of 504 (Outdated Optimize Dep) @ http://localhost:5173/node_modules/.vite/deps/@tiptap_extension-link.js?v=08bc391d:0
[    8581ms] [ERROR] Failed to load resource: the server responded with a status of 504 (Outdated Optimize Dep) @ http://localhost:5173/node_modules/.vite/deps/@tiptap_extension-task-list.js?v=ef9c5dde:0
[    8581ms] [ERROR] Failed to load resource: the server responded with a status of 504 (Outdated Optimize Dep) @ http://localhost:5173/node_modules/.vite/deps/@tiptap_extension-task-item.js?v=c4c5cc8d:0
[    8582ms] [ERROR] Failed to load resource: the server responded with a status of 504 (Outdated Optimize Dep) @ http://localhost:5173/node_modules/.vite/deps/@tiptap_extension-character-count.js?v=c1de0273:0
[    8583ms] [ERROR] Failed to load resource: the server responded with a status of 504 (Outdated Optimize Dep) @ http://localhost:5173/node_modules/.vite/deps/@tiptap_extension-typography.js?v=4bc0a102:0
[    8892ms] [ERROR] Failed to load resource: the server responded with a status of 504 (Outdated Optimize Dep) @ http://localhost:5173/node_modules/.vite/deps/@tiptap_extension-link.js?v=08bc391d:0
[    8892ms] [ERROR] Failed to load resource: the server responded with a status of 504 (Outdated Optimize Dep) @ http://localhost:5173/node_modules/.vite/deps/@tiptap_extension-task-list.js?v=ef9c5dde:0
[    8893ms] [ERROR] Failed to load resource: the server responded with a status of 504 (Outdated Optimize Dep) @ http://localhost:5173/node_modules/.vite/deps/@tiptap_extension-task-item.js?v=c4c5cc8d:0
[    8893ms] [ERROR] Failed to load resource: the server responded with a status of 504 (Outdated Optimize Dep) @ http://localhost:5173/node_modules/.vite/deps/@tiptap_extension-character-count.js?v=c1de0273:0
[    8893ms] [ERROR] Failed to load resource: the server responded with a status of 504 (Outdated Optimize Dep) @ http://localhost:5173/node_modules/.vite/deps/@tiptap_extension-typography.js?v=4bc0a102:0
[    9098ms] [ERROR] Failed to load resource: the server responded with a status of 504 (Outdated Optimize Dep) @ http://localhost:5173/node_modules/.vite/deps/@tiptap_extension-link.js?v=08bc391d:0
[    9098ms] [ERROR] Failed to load resource: the server responded with a status of 504 (Outdated Optimize Dep) @ http://localhost:5173/node_modules/.vite/deps/@tiptap_extension-task-list.js?v=ef9c5dde:0
[    9098ms] [ERROR] Failed to load resource: the server responded with a status of 504 (Outdated Optimize Dep) @ http://localhost:5173/node_modules/.vite/deps/@tiptap_extension-task-item.js?v=c4c5cc8d:0
[    9098ms] [ERROR] Failed to load resource: the server responded with a status of 504 (Outdated Optimize Dep) @ http://localhost:5173/node_modules/.vite/deps/@tiptap_extension-character-count.js?v=c1de0273:0
[    9099ms] [ERROR] Failed to load resource: the server responded with a status of 504 (Outdated Optimize Dep) @ http://localhost:5173/node_modules/.vite/deps/@tiptap_extension-typography.js?v=4bc0a102:0
