[     806ms] [ERROR] Failed to load resource: the server responded with a status of 504 (Outdated Optimize Dep) @ http://localhost:5174/node_modules/.vite/deps/react_jsx-dev-runtime.js?v=8d73ec6c:0
[     822ms] [ERROR] Failed to load resource: the server responded with a status of 504 (Outdated Optimize Dep) @ http://localhost:5174/node_modules/.vite/deps/react.js?v=8d73ec6c:0
[     823ms] [ERROR] Failed to load resource: the server responded with a status of 504 (Outdated Optimize Dep) @ http://localhost:5174/node_modules/.vite/deps/react-dom_client.js?v=afdbe1cb:0
[     824ms] [ERROR] Failed to load resource: the server responded with a status of 504 (Outdated Optimize Dep) @ http://localhost:5174/node_modules/.vite/deps/@tiptap_react.js?v=6d956824:0
[     824ms] [ERROR] Failed to load resource: the server responded with a status of 504 (Outdated Optimize Dep) @ http://localhost:5174/node_modules/.vite/deps/@tiptap_starter-kit.js?v=c69285d9:0
[     825ms] [ERROR] Failed to load resource: the server responded with a status of 504 (Outdated Optimize Dep) @ http://localhost:5174/node_modules/.vite/deps/@tiptap_extension-underline.js?v=b5118936:0
[     825ms] [ERROR] Failed to load resource: the server responded with a status of 504 (Outdated Optimize Dep) @ http://localhost:5174/node_modules/.vite/deps/@tiptap_extension-text-style.js?v=fe7c41a9:0
[     825ms] [ERROR] Failed to load resource: the server responded with a status of 504 (Outdated Optimize Dep) @ http://localhost:5174/node_modules/.vite/deps/@tiptap_extension-color.js?v=a3330ead:0
[     825ms] [ERROR] Failed to load resource: the server responded with a status of 504 (Outdated Optimize Dep) @ http://localhost:5174/node_modules/.vite/deps/@tiptap_extension-highlight.js?v=5e26d240:0
[     826ms] [ERROR] Failed to load resource: the server responded with a status of 504 (Outdated Optimize Dep) @ http://localhost:5174/node_modules/.vite/deps/@tiptap_extension-text-align.js?v=2403c558:0
[     826ms] [ERROR] Failed to load resource: the server responded with a status of 504 (Outdated Optimize Dep) @ http://localhost:5174/node_modules/.vite/deps/@tiptap_extension-image.js?v=007a6b4e:0
[     826ms] [ERROR] Failed to load resource: the server responded with a status of 504 (Outdated Optimize Dep) @ http://localhost:5174/node_modules/.vite/deps/@tiptap_extension-placeholder.js?v=e64a0127:0
[     827ms] [ERROR] Failed to load resource: the server responded with a status of 504 (Outdated Optimize Dep) @ http://localhost:5174/node_modules/.vite/deps/@tiptap_extension-table.js?v=21baa775:0
[     827ms] [ERROR] Failed to load resource: the server responded with a status of 504 (Outdated Optimize Dep) @ http://localhost:5174/node_modules/.vite/deps/@tiptap_extension-table-row.js?v=a47f850f:0
[     828ms] [ERROR] Failed to load resource: the server responded with a status of 504 (Outdated Optimize Dep) @ http://localhost:5174/node_modules/.vite/deps/@tiptap_extension-table-cell.js?v=acbb6536:0
[     828ms] [ERROR] Failed to load resource: the server responded with a status of 504 (Outdated Optimize Dep) @ http://localhost:5174/node_modules/.vite/deps/@tiptap_extension-table-header.js?v=5ef2fc31:0
[     829ms] [ERROR] Failed to load resource: the server responded with a status of 504 (Outdated Optimize Dep) @ http://localhost:5174/node_modules/.vite/deps/@tiptap_extension-subscript.js?v=ccce8dc6:0
[     829ms] [ERROR] Failed to load resource: the server responded with a status of 504 (Outdated Optimize Dep) @ http://localhost:5174/node_modules/.vite/deps/@tiptap_extension-superscript.js?v=0854df51:0
[     829ms] [ERROR] Failed to load resource: the server responded with a status of 504 (Outdated Optimize Dep) @ http://localhost:5174/node_modules/.vite/deps/@tiptap_extension-link.js?v=b44e8235:0
[     829ms] [ERROR] Failed to load resource: the server responded with a status of 504 (Outdated Optimize Dep) @ http://localhost:5174/node_modules/.vite/deps/@tiptap_extension-task-list.js?v=48c65789:0
[     830ms] [ERROR] Failed to load resource: the server responded with a status of 504 (Outdated Optimize Dep) @ http://localhost:5174/node_modules/.vite/deps/@tiptap_extension-task-item.js?v=b7806834:0
[     830ms] [ERROR] Failed to load resource: the server responded with a status of 504 (Outdated Optimize Dep) @ http://localhost:5174/node_modules/.vite/deps/@tiptap_extension-character-count.js?v=93ea90bb:0
[     830ms] [ERROR] Failed to load resource: the server responded with a status of 504 (Outdated Optimize Dep) @ http://localhost:5174/node_modules/.vite/deps/@tiptap_extension-typography.js?v=58389b15:0
[   21635ms] [ERROR] Failed to load resource: the server responded with a status of 504 (Outdated Optimize Dep) @ http://localhost:5174/node_modules/.vite/deps/react_jsx-dev-runtime.js?v=8d73ec6c:0
[   21636ms] [ERROR] Failed to load resource: the server responded with a status of 504 (Outdated Optimize Dep) @ http://localhost:5174/node_modules/.vite/deps/react.js?v=8d73ec6c:0
[   21639ms] [ERROR] Failed to load resource: the server responded with a status of 504 (Outdated Optimize Dep) @ http://localhost:5174/node_modules/.vite/deps/react-dom_client.js?v=afdbe1cb:0
[   22225ms] [ERROR] Failed to load resource: the server responded with a status of 504 (Outdated Optimize Dep) @ http://localhost:5174/node_modules/.vite/deps/react_jsx-dev-runtime.js?v=8d73ec6c:0
[   22225ms] [ERROR] Failed to load resource: the server responded with a status of 504 (Outdated Optimize Dep) @ http://localhost:5174/node_modules/.vite/deps/react.js?v=8d73ec6c:0
[   22226ms] [ERROR] Failed to load resource: the server responded with a status of 504 (Outdated Optimize Dep) @ http://localhost:5174/node_modules/.vite/deps/react-dom_client.js?v=afdbe1cb:0
[   22230ms] [ERROR] Failed to load resource: the server responded with a status of 504 (Outdated Optimize Dep) @ http://localhost:5174/node_modules/.vite/deps/@tiptap_react.js?v=6d956824:0
[   22231ms] [ERROR] Failed to load resource: the server responded with a status of 504 (Outdated Optimize Dep) @ http://localhost:5174/node_modules/.vite/deps/@tiptap_starter-kit.js?v=c69285d9:0
[   22231ms] [ERROR] Failed to load resource: the server responded with a status of 504 (Outdated Optimize Dep) @ http://localhost:5174/node_modules/.vite/deps/@tiptap_extension-underline.js?v=b5118936:0
[   22231ms] [ERROR] Failed to load resource: the server responded with a status of 504 (Outdated Optimize Dep) @ http://localhost:5174/node_modules/.vite/deps/@tiptap_extension-text-style.js?v=fe7c41a9:0
[   22231ms] [ERROR] Failed to load resource: the server responded with a status of 504 (Outdated Optimize Dep) @ http://localhost:5174/node_modules/.vite/deps/@tiptap_extension-color.js?v=a3330ead:0
[   22231ms] [ERROR] Failed to load resource: the server responded with a status of 504 (Outdated Optimize Dep) @ http://localhost:5174/node_modules/.vite/deps/@tiptap_extension-highlight.js?v=5e26d240:0
[   22232ms] [ERROR] Failed to load resource: the server responded with a status of 504 (Outdated Optimize Dep) @ http://localhost:5174/node_modules/.vite/deps/@tiptap_extension-text-align.js?v=2403c558:0
[   22232ms] [ERROR] Failed to load resource: the server responded with a status of 504 (Outdated Optimize Dep) @ http://localhost:5174/node_modules/.vite/deps/@tiptap_extension-image.js?v=007a6b4e:0
[   22232ms] [ERROR] Failed to load resource: the server responded with a status of 504 (Outdated Optimize Dep) @ http://localhost:5174/node_modules/.vite/deps/@tiptap_extension-placeholder.js?v=e64a0127:0
[   22233ms] [ERROR] Failed to load resource: the server responded with a status of 504 (Outdated Optimize Dep) @ http://localhost:5174/node_modules/.vite/deps/@tiptap_extension-table.js?v=21baa775:0
[   22234ms] [ERROR] Failed to load resource: the server responded with a status of 504 (Outdated Optimize Dep) @ http://localhost:5174/node_modules/.vite/deps/@tiptap_extension-table-row.js?v=a47f850f:0
[   22234ms] [ERROR] Failed to load resource: the server responded with a status of 504 (Outdated Optimize Dep) @ http://localhost:5174/node_modules/.vite/deps/@tiptap_extension-table-cell.js?v=acbb6536:0
[   22236ms] [ERROR] Failed to load resource: the server responded with a status of 504 (Outdated Optimize Dep) @ http://localhost:5174/node_modules/.vite/deps/@tiptap_extension-table-header.js?v=5ef2fc31:0
[   22236ms] [ERROR] Failed to load resource: the server responded with a status of 504 (Outdated Optimize Dep) @ http://localhost:5174/node_modules/.vite/deps/@tiptap_extension-subscript.js?v=ccce8dc6:0
[   22236ms] [ERROR] Failed to load resource: the server responded with a status of 504 (Outdated Optimize Dep) @ http://localhost:5174/node_modules/.vite/deps/@tiptap_extension-superscript.js?v=0854df51:0
[   22237ms] [ERROR] Failed to load resource: the server responded with a status of 504 (Outdated Optimize Dep) @ http://localhost:5174/node_modules/.vite/deps/@tiptap_extension-link.js?v=b44e8235:0
[   22237ms] [ERROR] Failed to load resource: the server responded with a status of 504 (Outdated Optimize Dep) @ http://localhost:5174/node_modules/.vite/deps/@tiptap_extension-task-list.js?v=48c65789:0
[   22238ms] [ERROR] Failed to load resource: the server responded with a status of 504 (Outdated Optimize Dep) @ http://localhost:5174/node_modules/.vite/deps/@tiptap_extension-task-item.js?v=b7806834:0
[   22242ms] [ERROR] Failed to load resource: the server responded with a status of 504 (Outdated Optimize Dep) @ http://localhost:5174/node_modules/.vite/deps/@tiptap_extension-character-count.js?v=93ea90bb:0
[   22242ms] [ERROR] Failed to load resource: the server responded with a status of 504 (Outdated Optimize Dep) @ http://localhost:5174/node_modules/.vite/deps/@tiptap_extension-typography.js?v=58389b15:0
[   22410ms] [ERROR] Failed to load resource: the server responded with a status of 504 (Outdated Optimize Dep) @ http://localhost:5174/node_modules/.vite/deps/react_jsx-dev-runtime.js?v=8d73ec6c:0
[   22414ms] [ERROR] Failed to load resource: the server responded with a status of 504 (Outdated Optimize Dep) @ http://localhost:5174/node_modules/.vite/deps/react.js?v=8d73ec6c:0
[   22415ms] [ERROR] Failed to load resource: the server responded with a status of 504 (Outdated Optimize Dep) @ http://localhost:5174/node_modules/.vite/deps/react-dom_client.js?v=afdbe1cb:0
[   22421ms] [ERROR] Failed to load resource: the server responded with a status of 504 (Outdated Optimize Dep) @ http://localhost:5174/node_modules/.vite/deps/@tiptap_react.js?v=6d956824:0
[   22422ms] [ERROR] Failed to load resource: the server responded with a status of 504 (Outdated Optimize Dep) @ http://localhost:5174/node_modules/.vite/deps/@tiptap_starter-kit.js?v=c69285d9:0
[   22422ms] [ERROR] Failed to load resource: the server responded with a status of 504 (Outdated Optimize Dep) @ http://localhost:5174/node_modules/.vite/deps/@tiptap_extension-underline.js?v=b5118936:0
[   22422ms] [ERROR] Failed to load resource: the server responded with a status of 504 (Outdated Optimize Dep) @ http://localhost:5174/node_modules/.vite/deps/@tiptap_extension-text-style.js?v=fe7c41a9:0
[   22422ms] [ERROR] Failed to load resource: the server responded with a status of 504 (Outdated Optimize Dep) @ http://localhost:5174/node_modules/.vite/deps/@tiptap_extension-color.js?v=a3330ead:0
[   22422ms] [ERROR] Failed to load resource: the server responded with a status of 504 (Outdated Optimize Dep) @ http://localhost:5174/node_modules/.vite/deps/@tiptap_extension-highlight.js?v=5e26d240:0
[   22422ms] [ERROR] Failed to load resource: the server responded with a status of 504 (Outdated Optimize Dep) @ http://localhost:5174/node_modules/.vite/deps/@tiptap_extension-text-align.js?v=2403c558:0
[   22422ms] [ERROR] Failed to load resource: the server responded with a status of 504 (Outdated Optimize Dep) @ http://localhost:5174/node_modules/.vite/deps/@tiptap_extension-image.js?v=007a6b4e:0
[   22423ms] [ERROR] Failed to load resource: the server responded with a status of 504 (Outdated Optimize Dep) @ http://localhost:5174/node_modules/.vite/deps/@tiptap_extension-placeholder.js?v=e64a0127:0
[   22423ms] [ERROR] Failed to load resource: the server responded with a status of 504 (Outdated Optimize Dep) @ http://localhost:5174/node_modules/.vite/deps/@tiptap_extension-table.js?v=21baa775:0
[   22423ms] [ERROR] Failed to load resource: the server responded with a status of 504 (Outdated Optimize Dep) @ http://localhost:5174/node_modules/.vite/deps/@tiptap_extension-table-row.js?v=a47f850f:0
[   22424ms] [ERROR] Failed to load resource: the server responded with a status of 504 (Outdated Optimize Dep) @ http://localhost:5174/node_modules/.vite/deps/@tiptap_extension-table-cell.js?v=acbb6536:0
[   22424ms] [ERROR] Failed to load resource: the server responded with a status of 504 (Outdated Optimize Dep) @ http://localhost:5174/node_modules/.vite/deps/@tiptap_extension-table-header.js?v=5ef2fc31:0
[   22425ms] [ERROR] Failed to load resource: the server responded with a status of 504 (Outdated Optimize Dep) @ http://localhost:5174/node_modules/.vite/deps/@tiptap_extension-subscript.js?v=ccce8dc6:0
[   22426ms] [ERROR] Failed to load resource: the server responded with a status of 504 (Outdated Optimize Dep) @ http://localhost:5174/node_modules/.vite/deps/@tiptap_extension-superscript.js?v=0854df51:0
[   22427ms] [ERROR] Failed to load resource: the server responded with a status of 504 (Outdated Optimize Dep) @ http://localhost:5174/node_modules/.vite/deps/@tiptap_extension-link.js?v=b44e8235:0
[   22431ms] [ERROR] Failed to load resource: the server responded with a status of 504 (Outdated Optimize Dep) @ http://localhost:5174/node_modules/.vite/deps/@tiptap_extension-task-list.js?v=48c65789:0
[   22431ms] [ERROR] Failed to load resource: the server responded with a status of 504 (Outdated Optimize Dep) @ http://localhost:5174/node_modules/.vite/deps/@tiptap_extension-task-item.js?v=b7806834:0
[   22431ms] [ERROR] Failed to load resource: the server responded with a status of 504 (Outdated Optimize Dep) @ http://localhost:5174/node_modules/.vite/deps/@tiptap_extension-character-count.js?v=93ea90bb:0
[   22435ms] [ERROR] Failed to load resource: the server responded with a status of 504 (Outdated Optimize Dep) @ http://localhost:5174/node_modules/.vite/deps/@tiptap_extension-typography.js?v=58389b15:0
